// Jest Snapshot v1, https://goo.gl/fbAQLP

exports[`should render ExpenseListItem with fixture data 1`] = `
<Link
  className="list-item"
  to="/edit/1"
>
  <div>
    <h4
      className="list-item__title"
    >
      Bike
    </h4>
    <span
      className="list-item__subtitle"
    >
      0.1
      â‚¬
    </span>
  </div>
  <span>
    1st Jan, 1970
  </span>
</Link>
`;
